// Jest Snapshot v1, https://goo.gl/fbAQLP

exports[`Gamecard should render the heading 1`] = `
<main
  class=""
>
  <h1>
    Gamecard
  </h1>
</main>
`;
