// Jest Snapshot v1, https://goo.gl/fbAQLP

exports[`<Main /> should render the heading 1`] = `
<main
  class="sc-bdfBwQ fMuptA"
>
  <img
    alt="imagem do simbolo da vercel"
    class="sc-gsTCUz iCHfWn"
    src="/public/vercel.svg"
  />
  <h1
    class="sc-dlfnbm bvOMYk"
  >
    React Avan√ßado
  </h1>
  <h2
    class="sc-hKgILt fOqoNE"
  >
    TypeScript, ReactJS, NextJS e Styled Components
  </h2>
  <img
    alt="desenvolvedor sentado"
    class="sc-eCssSg cZKeir"
    src="/img/"
  />
</main>
`;
